0.1061513565769
0.0739562201528
0.0866918610329
nan
