0.0114117580190,0.1524456042419,0.2471852027998
0.0055324125593,0.1530792786029,0.2215030861964
0.0101394313199,0.1220600742934,0.1986125040064
nan,nan,nan
