0.0121598807967,0.1506234181408,0.2446148939211
0.0080317462446,0.1473868836293,0.2133113575375
0.0171912794414,0.1048221425794,0.1743227241709
nan,nan,nan
