0.5705594211361
0.6661165249535
0.5635125720476
nan
