345.9157803611179,345.0692555033388,343.1293593865944,340.7098689092258,338.2815978233983,335.9735345040806,333.5551570615883,330.3324264160278,327.3335394509029,324.3259955478602,321.1900816225579,318.1751174870145,315.1221864951768,311.9720504575810,308.6449418748451,305.6121691813011,302.1695523126391,298.4459559732869,294.9746475389559,291.2738065792731,287.7245857036857,284.1019045263419,280.2355923818945,276.2186495176851,272.5014840465003,268.6527331189711,264.7401681919366,260.8558001484045,256.9032896364086,252.9262923571603,248.9312391788272,244.9863962404153,240.6629977739305,236.3289636408610,232.0897848132574,227.3870887954491,222.9760079149148,218.6999752658918,214.0996784565916,209.6725204056392,205.1895869403907,200.3957457333661,195.2372000989366,190.0801385110065,185.3842443729902,180.6178580262183,174.5832302745488,169.1540934949294,163.1109324758844,156.2747959436064,147.5753153598814
