0.6077170418006,0.0000000000000,0.0000000000000,0.0000000000000,0.0000000000000,0.0032154340836,0.0000000000000,0.0000000000000,0.0000000000000,0.0000000000000,0.0000000000000,0.0000000000000,0.0032154340836,0.0000000000000,0.0032154340836,0.0000000000000,0.0000000000000,0.0000000000000,0.0000000000000,0.0000000000000,0.0000000000000,0.0000000000000,0.0000000000000,0.0000000000000,0.0000000000000,0.0000000000000,0.0000000000000,0.0000000000000,0.0000000000000,0.0032154340836,0.0000000000000,0.0000000000000,0.0000000000000,0.0000000000000,0.0000000000000,0.0064308681672,0.0000000000000,0.0000000000000,0.0032154340836,0.0064308681672,0.0000000000000,0.0000000000000,0.0000000000000,0.0032154340836,0.0000000000000,0.0000000000000,0.0032154340836,0.0032154340836,0.0032154340836,0.0000000000000,0.0064308681672,0.3440514469453
