0.7108499247114
0.8017176997760
0.7130661114003
nan
