0.7480876678384525
0.74610619665192
0.7441110304778197
0.7430108522656984
0.7417677706194681
0.740519915124128
0.7396393314765528
0.7391812106418076
0.7385521156240031
0.7374975605864584
0.736478762920044
0.7356032352557134
0.7349262719558889
0.7341531483736209
0.7335193136927298
0.732498016247827
0.7316031283668971
0.7311620062353068
0.7304853804554484
0.7298301318606002
0.7291682672297097
0.7284933080332816
0.7278420198262487
0.7273338548948837
0.7266696338186898
0.7261028872180326
0.7255515136947399
0.7249203100577184
0.724129099815763
0.7235915471922136
0.723195030128365
0.7223157825504646
0.7214401411915639
0.7203988937539173
0.7197737983854688
0.7188157660001235
0.7176518268945717
0.716230562324343
0.7149933138365094
0.7133901818967825
0.7126230134351779
0.711672543996632
0.7101399598194
0.7086263896776204
0.7068405183946846
0.7050500737470602
0.7031816136500466
0.7006732963875493
0.6961818766730593
0.6916216736996625
0.6764337637969222
