0.8131407494929581
0.8127748549543973
0.8120324184047302
0.8117867087643632
0.8113865804825375
0.8110546552600805
0.8110115513420257
0.8109282579595157
0.8107808794738488
0.8102714601853906
0.8098723493335118
0.80972964340455
0.8096359354316549
0.8093267143355573
0.8091370309262083
0.80876520882257
0.808297843099951
0.8082504172955576
0.8079588362318786
0.8077792859196675
0.8075824101888797
0.8072872435440667
0.8071551289052044
0.8070989073590911
0.8068619291248411
0.8067928045232984
0.8066998263051663
0.806455314511177
0.806108392682091
0.8060009627097642
0.8059219799600571
0.8056200993568368
0.805444123201897
0.805182363569416
0.8049830239354914
0.8048140123227603
0.8043601618202886
0.8037118677795622
0.8035729804192682
0.8027506521878371
0.8024589351470541
0.8021804568386013
0.8017099458589753
0.8013131114124993
0.8004747893474917
0.7998057696216888
0.7995518852898957
0.7986597353849383
0.7971020515928053
0.7958136756510419
0.7899796163833354
