0.2110884459948862
0.2114774783536764
0.2114953943175681
0.2114953943175681
0.2116003306775049
0.2118357976315096
0.2120507891982094
0.2120277543874916
0.2121326907474284
0.2122734590351485
0.2122862561522140
0.2123963113589770
0.2125652333042412
0.2127827842943542
0.2129056366181827
0.2132127674277538
0.2133356197515823
0.2132741935896681
0.2134431155349323
0.2134328778412799
0.2135864432460655
0.2137323303806118
0.2136990578762416
0.2135890026694786
0.2137502463445035
0.2138423855873749
0.2139242871365938
0.2140599365774878
0.2141776700544901
0.2143133194953841
0.2144489689362780
0.2147151489712397
0.2147484214756099
0.2148431201418944
0.2149659724657229
0.2148687143760253
0.2150632305554205
0.2154420252205583
0.2157952256515652
0.2161765797401161
0.2164325220814255
0.2166091222969289
0.2167678065485407
0.2170467837005679
0.2176610453197104
0.2185389275504014
0.2187846321980584
0.2197930450228172
0.2216946966187457
0.2238855630603538
0.2318684046857924
