0.7189121923160171
0.7190248961181289
0.7183577671505612
0.7181036125173065
0.7177674845422075
0.7179616841657375
0.7182908798615486
0.7182705530594651
0.718052847156156
0.7174113126846504
0.7168578365723296
0.7173410498202125
0.7172207745500294
0.7167317262719881
0.7165917364437786
0.7160339207336052
0.7152640620034193
0.7156118286033213
0.7151816560490262
0.7150142005632107
0.7148995657223857
0.714476310478086
0.7148100613295596
0.715257222533744
0.7147787904778381
0.7147489656597577
0.7146994592160939
0.7142818444011523
0.7137279805841595
0.7136547103888884
0.7135360024036145
0.7129707679121519
0.7132920194045123
0.7136683309479988
0.7134409713480524
0.7142636686863795
0.7135198265862999
0.7124089464193454
0.7132704711081728
0.7118425308507162
0.7112508815459708
0.7109304503708312
0.710997057734077
0.7114289921740817
0.710095635390346
0.7086619708754944
0.7104861647677075
0.7090425441765131
0.7072771481677261
0.705146577768962
0.6942135081069736
