777.0342723780984
776.8784785396018
777.8002165394881
778.1510818018085
778.6148699810626
778.3469477431598
777.8925710469488
777.9206350711191
778.2211453856814
779.1060133668002
779.8686157794872
779.2028658246354
779.3686289600538
780.0422715068848
780.2349942820117
781.0024620058275
782.0604309673821
781.5826943059737
782.1735915582868
782.4034925026765
782.5608366271009
783.1415094312216
782.6836655106805
782.0698236111757
782.7265746576138
782.7674973987633
782.8354206472366
783.4081572437275
784.1671068381696
784.267452658234
784.4299997050719
785.2035146925481
784.7639803298513
784.2487998488162
784.5601016204319
783.4330747655832
784.4521466718072
785.971604667784
784.7934702816943
786.7452162992635
787.5524807705488
787.9893416616416
787.8985522371287
787.3095482456963
789.1263535893733
791.0751810809049
788.5946594908514
790.5583236058602
792.9530686817681
795.833573789406
810.4539040233095
